variable "aws_region" {
  type        = string
  description = "The AWS region of the VPC that the private link connection is established in."
}

variable "vpc_id" {
  type        = string
  description = "The ID of the VPC that the private link connection is established in."
}

variable "subnet_cidr_ranges" {
  type        = list(string)
  description = "The CIDR ranges of the subnets that the private link connection is established in."
}

variable "environment_id" {
  type        = string
  description = "The ID of the environment that the private link connection is established in."
}

