kcp_build_info
kcp_build_info.commit
kcp_build_info.date
kcp_build_info.version
msk_sources
msk_sources.regions
msk_sources.regions.clusters
msk_sources.regions.clusters.arn
msk_sources.regions.clusters.aws_client_information
msk_sources.regions.clusters.aws_client_information.ScramSecrets
msk_sources.regions.clusters.aws_client_information.bootstrap_brokers
msk_sources.regions.clusters.aws_client_information.client_vpc_connections
msk_sources.regions.clusters.aws_client_information.cluster_networking
msk_sources.regions.clusters.aws_client_information.cluster_networking.security_groups
msk_sources.regions.clusters.aws_client_information.cluster_networking.subnet_ids
msk_sources.regions.clusters.aws_client_information.cluster_networking.subnets
msk_sources.regions.clusters.aws_client_information.cluster_networking.subnets.availability_zone
msk_sources.regions.clusters.aws_client_information.cluster_networking.subnets.cidr_block
msk_sources.regions.clusters.aws_client_information.cluster_networking.subnets.private_ip_address
msk_sources.regions.clusters.aws_client_information.cluster_networking.subnets.subnet_id
msk_sources.regions.clusters.aws_client_information.cluster_networking.subnets.subnet_msk_broker_id
msk_sources.regions.clusters.aws_client_information.cluster_networking.vpc_id
msk_sources.regions.clusters.aws_client_information.cluster_operations
msk_sources.regions.clusters.aws_client_information.compatible_versions
msk_sources.regions.clusters.aws_client_information.connectors
msk_sources.regions.clusters.aws_client_information.connectors.capacity
msk_sources.regions.clusters.aws_client_information.connectors.connector_arn
msk_sources.regions.clusters.aws_client_information.connectors.connector_configuration
msk_sources.regions.clusters.aws_client_information.connectors.connector_name
msk_sources.regions.clusters.aws_client_information.connectors.connector_state
msk_sources.regions.clusters.aws_client_information.connectors.creation_time
msk_sources.regions.clusters.aws_client_information.connectors.kafka_cluster
msk_sources.regions.clusters.aws_client_information.connectors.kafka_cluster_client_authentication
msk_sources.regions.clusters.aws_client_information.connectors.plugins
msk_sources.regions.clusters.aws_client_information.msk_cluster_config
msk_sources.regions.clusters.aws_client_information.nodes
msk_sources.regions.clusters.aws_client_information.policy
msk_sources.regions.clusters.discovered_clients
msk_sources.regions.clusters.discovered_clients.auth
msk_sources.regions.clusters.discovered_clients.client_id
msk_sources.regions.clusters.discovered_clients.composite_key
msk_sources.regions.clusters.discovered_clients.principal
msk_sources.regions.clusters.discovered_clients.role
msk_sources.regions.clusters.discovered_clients.timestamp
msk_sources.regions.clusters.discovered_clients.topic
msk_sources.regions.clusters.kafka_admin_client_information
msk_sources.regions.clusters.kafka_admin_client_information.acls
msk_sources.regions.clusters.kafka_admin_client_information.acls.Host
msk_sources.regions.clusters.kafka_admin_client_information.acls.Operation
msk_sources.regions.clusters.kafka_admin_client_information.acls.PermissionType
msk_sources.regions.clusters.kafka_admin_client_information.acls.Principal
msk_sources.regions.clusters.kafka_admin_client_information.acls.ResourceName
msk_sources.regions.clusters.kafka_admin_client_information.acls.ResourcePatternType
msk_sources.regions.clusters.kafka_admin_client_information.acls.ResourceType
msk_sources.regions.clusters.kafka_admin_client_information.cluster_id
msk_sources.regions.clusters.kafka_admin_client_information.discovered_brokers
msk_sources.regions.clusters.kafka_admin_client_information.sasl_mechanism
msk_sources.regions.clusters.kafka_admin_client_information.self_managed_connectors
msk_sources.regions.clusters.kafka_admin_client_information.self_managed_connectors.connectors
msk_sources.regions.clusters.kafka_admin_client_information.self_managed_connectors.connectors.config
msk_sources.regions.clusters.kafka_admin_client_information.self_managed_connectors.connectors.connect_host
msk_sources.regions.clusters.kafka_admin_client_information.self_managed_connectors.connectors.name
msk_sources.regions.clusters.kafka_admin_client_information.self_managed_connectors.connectors.state
msk_sources.regions.clusters.kafka_admin_client_information.self_managed_connectors.metrics
msk_sources.regions.clusters.kafka_admin_client_information.self_managed_connectors.metrics.aggregates
msk_sources.regions.clusters.kafka_admin_client_information.self_managed_connectors.metrics.aggregates[].avg
msk_sources.regions.clusters.kafka_admin_client_information.self_managed_connectors.metrics.aggregates[].count
msk_sources.regions.clusters.kafka_admin_client_information.self_managed_connectors.metrics.aggregates[].max
msk_sources.regions.clusters.kafka_admin_client_information.self_managed_connectors.metrics.aggregates[].min
msk_sources.regions.clusters.kafka_admin_client_information.self_managed_connectors.metrics.aggregates[].p95
msk_sources.regions.clusters.kafka_admin_client_information.self_managed_connectors.metrics.aggregates[].p99
msk_sources.regions.clusters.kafka_admin_client_information.self_managed_connectors.metrics.metadata
msk_sources.regions.clusters.kafka_admin_client_information.self_managed_connectors.metrics.metadata.end_date
msk_sources.regions.clusters.kafka_admin_client_information.self_managed_connectors.metrics.metadata.metrics_source
msk_sources.regions.clusters.kafka_admin_client_information.self_managed_connectors.metrics.metadata.period
msk_sources.regions.clusters.kafka_admin_client_information.self_managed_connectors.metrics.metadata.start_date
msk_sources.regions.clusters.kafka_admin_client_information.self_managed_connectors.metrics.query_info
msk_sources.regions.clusters.kafka_admin_client_information.self_managed_connectors.metrics.results
msk_sources.regions.clusters.kafka_admin_client_information.self_managed_connectors.metrics.results.end
msk_sources.regions.clusters.kafka_admin_client_information.self_managed_connectors.metrics.results.label
msk_sources.regions.clusters.kafka_admin_client_information.self_managed_connectors.metrics.results.start
msk_sources.regions.clusters.kafka_admin_client_information.self_managed_connectors.metrics.results.value
msk_sources.regions.clusters.kafka_admin_client_information.topics
msk_sources.regions.clusters.kafka_admin_client_information.topics.details
msk_sources.regions.clusters.kafka_admin_client_information.topics.details.configurations
msk_sources.regions.clusters.kafka_admin_client_information.topics.details.name
msk_sources.regions.clusters.kafka_admin_client_information.topics.details.partitions
msk_sources.regions.clusters.kafka_admin_client_information.topics.details.replication_factor
msk_sources.regions.clusters.kafka_admin_client_information.topics.summary
msk_sources.regions.clusters.kafka_admin_client_information.topics.summary.compact_internal_partitions
msk_sources.regions.clusters.kafka_admin_client_information.topics.summary.compact_internal_topics
msk_sources.regions.clusters.kafka_admin_client_information.topics.summary.compact_partitions
msk_sources.regions.clusters.kafka_admin_client_information.topics.summary.compact_topics
msk_sources.regions.clusters.kafka_admin_client_information.topics.summary.internal_topics
msk_sources.regions.clusters.kafka_admin_client_information.topics.summary.remote_storage_topics
msk_sources.regions.clusters.kafka_admin_client_information.topics.summary.topics
msk_sources.regions.clusters.kafka_admin_client_information.topics.summary.total_internal_partitions
msk_sources.regions.clusters.kafka_admin_client_information.topics.summary.total_partitions
msk_sources.regions.clusters.metrics
msk_sources.regions.clusters.metrics.metadata
msk_sources.regions.clusters.metrics.metadata.broker_az_distribution
msk_sources.regions.clusters.metrics.metadata.broker_type
msk_sources.regions.clusters.metrics.metadata.cluster_type
msk_sources.regions.clusters.metrics.metadata.end_date
msk_sources.regions.clusters.metrics.metadata.enhanced_monitoring
msk_sources.regions.clusters.metrics.metadata.follower_fetching
msk_sources.regions.clusters.metrics.metadata.instance_type
msk_sources.regions.clusters.metrics.metadata.kafka_version
msk_sources.regions.clusters.metrics.metadata.number_of_broker_nodes
msk_sources.regions.clusters.metrics.metadata.period
msk_sources.regions.clusters.metrics.metadata.start_date
msk_sources.regions.clusters.metrics.metadata.tiered_storage
msk_sources.regions.clusters.metrics.query_info
msk_sources.regions.clusters.metrics.query_info.aggregation_note
msk_sources.regions.clusters.metrics.query_info.aws_cli_command
msk_sources.regions.clusters.metrics.query_info.console_source_json
msk_sources.regions.clusters.metrics.query_info.curl_command
msk_sources.regions.clusters.metrics.query_info.dimensions
msk_sources.regions.clusters.metrics.query_info.jolokia_url
msk_sources.regions.clusters.metrics.query_info.label_filter
msk_sources.regions.clusters.metrics.query_info.math_expression
msk_sources.regions.clusters.metrics.query_info.mbean_path
msk_sources.regions.clusters.metrics.query_info.metric_name
msk_sources.regions.clusters.metrics.query_info.namespace
msk_sources.regions.clusters.metrics.query_info.period
msk_sources.regions.clusters.metrics.query_info.prometheus_metric_name
msk_sources.regions.clusters.metrics.query_info.prometheus_url
msk_sources.regions.clusters.metrics.query_info.promql_query
msk_sources.regions.clusters.metrics.query_info.query_duration
msk_sources.regions.clusters.metrics.query_info.search_expression
msk_sources.regions.clusters.metrics.query_info.source_type
msk_sources.regions.clusters.metrics.query_info.statistic
msk_sources.regions.clusters.metrics.results
msk_sources.regions.clusters.name
msk_sources.regions.clusters.region
msk_sources.regions.configurations
msk_sources.regions.costs
msk_sources.regions.costs.metadata
msk_sources.regions.costs.metadata.end_date
msk_sources.regions.costs.metadata.granularity
msk_sources.regions.costs.metadata.services
msk_sources.regions.costs.metadata.start_date
msk_sources.regions.costs.metadata.tags
msk_sources.regions.costs.query_info
msk_sources.regions.costs.query_info.aggregation_note
msk_sources.regions.costs.query_info.aws_cli_command
msk_sources.regions.costs.query_info.console_url
msk_sources.regions.costs.query_info.granularity
msk_sources.regions.costs.query_info.group_by
msk_sources.regions.costs.query_info.metrics
msk_sources.regions.costs.query_info.regions
msk_sources.regions.costs.query_info.services
msk_sources.regions.costs.query_info.tags
msk_sources.regions.costs.query_info.time_period
msk_sources.regions.costs.query_info.time_period.end
msk_sources.regions.costs.query_info.time_period.start
msk_sources.regions.costs.results
msk_sources.regions.name
osk_sources
osk_sources.clusters
osk_sources.clusters.bootstrap_servers
osk_sources.clusters.discovered_clients
osk_sources.clusters.id
osk_sources.clusters.kafka_admin_client_information
osk_sources.clusters.metadata
osk_sources.clusters.metadata.environment
osk_sources.clusters.metadata.kafka_version
osk_sources.clusters.metadata.labels
osk_sources.clusters.metadata.last_scanned
osk_sources.clusters.metadata.location
osk_sources.clusters.metrics
osk_sources.clusters.metrics.aggregates
osk_sources.clusters.metrics.cluster_arn
osk_sources.clusters.metrics.environment
osk_sources.clusters.metrics.location
osk_sources.clusters.metrics.metadata
osk_sources.clusters.metrics.query_info
osk_sources.clusters.metrics.region
osk_sources.clusters.metrics.results
schema_registries
schema_registries.aws_glue
schema_registries.aws_glue.region
schema_registries.aws_glue.registry_arn
schema_registries.aws_glue.registry_name
schema_registries.aws_glue.schemas
schema_registries.aws_glue.schemas.data_format
schema_registries.aws_glue.schemas.latest_version
schema_registries.aws_glue.schemas.schema_arn
schema_registries.aws_glue.schemas.schema_name
schema_registries.aws_glue.schemas.versions
schema_registries.aws_glue.schemas.versions.created_date
schema_registries.aws_glue.schemas.versions.data_format
schema_registries.aws_glue.schemas.versions.schema_definition
schema_registries.aws_glue.schemas.versions.status
schema_registries.aws_glue.schemas.versions.version_number
schema_registries.confluent_schema_registry
schema_registries.confluent_schema_registry.contexts
schema_registries.confluent_schema_registry.default_compatibility
schema_registries.confluent_schema_registry.subjects
schema_registries.confluent_schema_registry.subjects.compatibility
schema_registries.confluent_schema_registry.subjects.latest_schema
schema_registries.confluent_schema_registry.subjects.name
schema_registries.confluent_schema_registry.subjects.schema_type
schema_registries.confluent_schema_registry.subjects.versions
schema_registries.confluent_schema_registry.subjects.versions.guid
schema_registries.confluent_schema_registry.subjects.versions.id
schema_registries.confluent_schema_registry.subjects.versions.subject
schema_registries.confluent_schema_registry.subjects.versions.version
schema_registries.confluent_schema_registry.type
schema_registries.confluent_schema_registry.url
schema_version
timestamp
updated_at
upgraded_from
