variable "vpc_id" {
  type        = string
  description = "The ID of the VPC"
}

variable "public_subnet_cidr" {
  type        = string
  description = "CIDR block for the public subnet"
  default     = "10.0.30.0/24"
}

variable "confluent_cloud_cluster_bootstrap_endpoint" {
  type        = string
  description = "The bootstrap endpoint of the Confluent cluster"
}

variable "aws_region" {
  type        = string
  description = "AWS Region"
  default     = "us-east-1"
}

