variable "jump_cluster_broker_subnet_ids" {
  type        = list(string)
  description = "IDs of the subnets that the jump cluster broker instances are deployed to."
}

variable "jump_cluster_instance_type" {
  type        = string
  description = "Instance type of the jump cluster instances."
}

variable "jump_cluster_security_group_ids" {
  type        = string
  description = "IDs of the security groups for the jump cluster (including setup host) instances."
}

variable "jump_cluster_ssh_key_pair_name" {
  type        = string
  description = "Name of the AWS key pair for SSH access to the jump cluster (including setup host) instances."
}

variable "jump_cluster_broker_storage" {
  type        = string
  description = "Storage size of the jump cluster broker instances."
}

variable "confluent_cloud_cluster_id" {
  type        = string
  description = "ID of the Confluent Cloud cluster that data will be migrated to."
}

variable "confluent_cloud_cluster_bootstrap_endpoint" {
  type        = string
  description = "Bootstrap endpoint of the Confluent Cloud cluster that data will be migrated to."
}

variable "confluent_cloud_cluster_rest_endpoint" {
  type        = string
  description = "REST endpoint of the Confluent Cloud cluster that data will be migrated to."
}

variable "confluent_cloud_cluster_api_key" {
  type        = string
  description = "API key of the Confluent Cloud cluster that data will be migrated to."
  sensitive   = true
}

variable "confluent_cloud_cluster_api_secret" {
  type        = string
  description = "API secret of the Confluent Cloud cluster that data will be migrated to."
  sensitive   = true
}

variable "msk_cluster_id" {
  type        = string
  description = "ID of the MSK cluster that data will be migrated to."
}

variable "msk_cluster_bootstrap_brokers" {
  type        = string
  description = "Bootstrap brokers of the MSK cluster that data will be migrated to."
}

variable "cluster_link_name" {
  type        = string
  description = "Name of the cluster links that will be created between MSK and Confluent Cloud through the jump cluster."
}

