variable "subnet_id" {
  type        = string
  description = "The subnet ID where the EC2 instance will be launched."
}

variable "security_group_id" {
  type        = string
  description = "The security group ID to attach to the EC2 instance."
}

variable "confluent_cloud_cluster_api_key" {
  type        = string
  description = "API key of the Confluent Cloud cluster that data will be migrated to."
  sensitive   = true
}

variable "confluent_cloud_cluster_api_secret" {
  type        = string
  description = "API secret of the Confluent Cloud cluster that data will be migrated to."
  sensitive   = true
}

variable "target_cluster_rest_endpoint" {
  type        = string
  description = "REST endpoint of the Confluent Cloud cluster that data will be migrated to."
}

variable "target_cluster_id" {
  type        = string
  description = "ID of the Confluent Cloud cluster that data will be migrated to."
}

variable "cluster_link_name" {
  type        = string
  description = "Name of the cluster link that will be created between the source and target Confluent Cloud clusters."
}

variable "msk_cluster_id" {
  type        = string
  description = "ID of the source MSK cluster that data will be migrated from."
}

variable "msk_cluster_bootstrap_servers" {
  type        = string
  description = "Bootstrap brokers of the MSK cluster that data will be migrated to."
}

variable "msk_sasl_scram_username" {
  type        = string
  description = "SASL SCRAM username of the source MSK cluster that data will be migrated from."
  sensitive   = true
}

variable "msk_sasl_scram_password" {
  type        = string
  description = "SASL SCRAM password of the source MSK cluster that data will be migrated from."
  sensitive   = true
}

