variable "vpc_id" {
  type        = string
  description = "ID of the VPC"
}

variable "jump_cluster_broker_subnet_cidrs" {
  type        = list(string)
  description = "CIDR ranges of the jump cluster broker subnets"
}

variable "jump_cluster_setup_host_subnet_cidr" {
  type        = string
  description = "CIDR block of the jump cluster setup host subnet"
}

variable "existing_private_link_vpce_id" {
  type        = string
  description = "ID of the existing VPC endpoint for the Private Link connection to Confluent Cloud"
}

